// Jest Snapshot v1, https://goo.gl/fbAQLP

exports[`<ProductQuantity /> <ProductQuantity /> render based on the props correctly 1`] = `
<View
  style={
    Object {
      "alignItems": "center",
      "flexDirection": "row",
    }
  }
>
  <View
    accessible={true}
    collapsable={false}
    focusable={true}
    onBlur={[Function]}
    onClick={[Function]}
    onFocus={[Function]}
    onResponderGrant={[Function]}
    onResponderMove={[Function]}
    onResponderRelease={[Function]}
    onResponderTerminate={[Function]}
    onResponderTerminationRequest={[Function]}
    onStartShouldSetResponder={[Function]}
    style={
      Object {
        "alignItems": "center",
        "backgroundColor": "white",
        "borderColor": "black",
        "borderWidth": 1,
        "margin": 5,
        "padding": 10,
      }
    }
  >
    <Text>
      -
    </Text>
  </View>
  <Text>
    1
  </Text>
  <View
    accessible={true}
    collapsable={false}
    focusable={true}
    onBlur={[Function]}
    onClick={[Function]}
    onFocus={[Function]}
    onResponderGrant={[Function]}
    onResponderMove={[Function]}
    onResponderRelease={[Function]}
    onResponderTerminate={[Function]}
    onResponderTerminationRequest={[Function]}
    onStartShouldSetResponder={[Function]}
    style={
      Object {
        "alignItems": "center",
        "backgroundColor": "white",
        "borderColor": "black",
        "borderWidth": 1,
        "margin": 5,
        "padding": 10,
      }
    }
  >
    <Text>
      +
    </Text>
  </View>
</View>
`;
